{
  "forgotPassword": {
    "connectionsTitle": "CONNECTIONS",
    "forgotPasswordTitle": "Forgot Password?",
    "titleTellUs": "Tell us your user name so that we can send you a link to reset your password.",
    "linkIForgotUserName": "I forgot my User Name",
    "titleRecoverUsername": "Recover Username",
    "labelUserName": "User name required",
    "labelBtnCancel": "Cancel",
    "title2text": "Welcome to Connections",
    "labelBtnContinue": "Continue   >",
    "userNameFieldError": "The Username field is required.",
    "emailSentMessage": "We sent a message to the email we have for your profile. Please follow the instructions to reset your password.",
    "resendEmailLink": "resend the email.",
    "backToLoginBtn": "Back to Login"
  }
}