{
  "home": {
    "title1text": "CONNECTIONS",
    "title2text": "Welcome to Connections",
    "title3text": "Connect people with the benefits they need, with one simple application.",
    "title4text": "Curious what you may qualify for?",
    "quickScreenerLinkTXT": "Try our Quick Screener",
    "userNameLabel": "User name required",
    "passwordLabel": "Password required",
    "forgotUserNameLinkTXT": "User Name",
    "forgotPasswordLinkTXT": "Password",
    "logInButtonTXT": "Log In",
    "title6text": "If you need a user name, contact your system administrator.",
    "title7text": "Interested in becoming a Connections user? Learn More",
    "quickScreenerURL": "http://oxcdemo.alluma.org/#/quick/intro",
    "errorMSGNoNameNoPass": "The Username field is required.\nThe Password field is required.",
    "errorPasswordReq": "The Password field is required.",
    "errorUserNameReq": "The Username field is required.",
    "forgotPasswordTitle": "Forgot Password?",
    "recoverUserBtnTXT": "Recover Username"
  }
}